// Jest Snapshot v1, https://goo.gl/fbAQLP

exports[`text renders correctly 1`] = `
<h2
  className="label label-big"
>
  Test2
</h2>
`;
